
> communit-e@0.1.0 build
> next build

   ▲ Next.js 15.5.14

